[cloudera@quickstart ~]$ hadoop fs -rm input/rawinput.csv
Deleted input/rawinput.csv
[cloudera@quickstart ~]$ hadoop fs -put /wordspace/MDP02Pre/rawinput.csv input
put: `/wordspace/MDP02Pre/rawinput.csv': No such file or directory
[cloudera@quickstart ~]$ hadoop fs -put /workspace/MDP02Pre/rawinput.csv input
put: `/workspace/MDP02Pre/rawinput.csv': No such file or directory
[cloudera@quickstart ~]$ hadoop fs -put /workspace/MDP022/input/rawinput.csv input
put: `/workspace/MDP022/input/rawinput.csv': No such file or directory
[cloudera@quickstart ~]$ hadoop fs -put cloudera/workspace/MDP022/input/rawinput.csv input
put: `cloudera/workspace/MDP022/input/rawinput.csv': No such file or directory
[cloudera@quickstart ~]$ hadoop fs -mkdir input
mkdir: `input': File exists
[cloudera@quickstart ~]$ hadoop fs -put workspace/MDP022/input/rawinput.csv input
[cloudera@quickstart ~]$ hadoop jar MDP02A.jar mdp022.MDP022 input output
[input, output]
[input, output]
17/03/09 14:51:07 INFO client.RMProxy: Connecting to ResourceManager at /0.0.0.0:8032
17/03/09 14:51:08 INFO input.FileInputFormat: Total input paths to process : 1
17/03/09 14:51:08 WARN hdfs.DFSClient: Caught exception 
java.lang.InterruptedException
	at java.lang.Object.wait(Native Method)
	at java.lang.Thread.join(Thread.java:1281)
	at java.lang.Thread.join(Thread.java:1355)
	at org.apache.hadoop.hdfs.DFSOutputStream$DataStreamer.closeResponder(DFSOutputStream.java:862)
	at org.apache.hadoop.hdfs.DFSOutputStream$DataStreamer.endBlock(DFSOutputStream.java:600)
	at org.apache.hadoop.hdfs.DFSOutputStream$DataStreamer.run(DFSOutputStream.java:789)
17/03/09 14:51:08 INFO mapreduce.JobSubmitter: number of splits:1
17/03/09 14:51:09 INFO mapreduce.JobSubmitter: Submitting tokens for job: job_1489099198606_0001
17/03/09 14:51:10 INFO impl.YarnClientImpl: Submitted application application_1489099198606_0001
17/03/09 14:51:10 INFO mapreduce.Job: The url to track the job: http://quickstart.cloudera:8088/proxy/application_1489099198606_0001/
17/03/09 14:51:10 INFO mapreduce.Job: Running job: job_1489099198606_0001
17/03/09 14:51:23 INFO mapreduce.Job: Job job_1489099198606_0001 running in uber mode : false
17/03/09 14:51:23 INFO mapreduce.Job:  map 0% reduce 0%
17/03/09 14:51:33 INFO mapreduce.Job:  map 100% reduce 0%
17/03/09 14:51:47 INFO mapreduce.Job:  map 100% reduce 70%
17/03/09 14:51:50 INFO mapreduce.Job:  map 100% reduce 72%
17/03/09 14:51:53 INFO mapreduce.Job:  map 100% reduce 75%
17/03/09 14:51:56 INFO mapreduce.Job:  map 100% reduce 77%
17/03/09 14:52:00 INFO mapreduce.Job:  map 100% reduce 79%
17/03/09 14:52:03 INFO mapreduce.Job:  map 100% reduce 82%
17/03/09 14:52:06 INFO mapreduce.Job:  map 100% reduce 84%
17/03/09 14:52:09 INFO mapreduce.Job:  map 100% reduce 86%
17/03/09 14:52:12 INFO mapreduce.Job:  map 100% reduce 88%
17/03/09 14:52:15 INFO mapreduce.Job:  map 100% reduce 91%
17/03/09 14:52:18 INFO mapreduce.Job:  map 100% reduce 93%
17/03/09 14:52:21 INFO mapreduce.Job:  map 100% reduce 96%
17/03/09 14:52:24 INFO mapreduce.Job:  map 100% reduce 99%
17/03/09 14:52:26 INFO mapreduce.Job:  map 100% reduce 100%
17/03/09 14:52:27 INFO mapreduce.Job: Job job_1489099198606_0001 completed successfully
17/03/09 14:52:27 INFO mapreduce.Job: Counters: 50
	File System Counters
		FILE: Number of bytes read=6687917
		FILE: Number of bytes written=13610697
		FILE: Number of read operations=0
		FILE: Number of large read operations=0
		FILE: Number of write operations=0
		HDFS: Number of bytes read=18348
		HDFS: Number of bytes written=192
		HDFS: Number of read operations=6
		HDFS: Number of large read operations=0
		HDFS: Number of write operations=2
	Job Counters 
		Launched map tasks=1
		Launched reduce tasks=1
		Data-local map tasks=1
		Total time spent by all maps in occupied slots (ms)=8031
		Total time spent by all reduces in occupied slots (ms)=50228
		Total time spent by all map tasks (ms)=8031
		Total time spent by all reduce tasks (ms)=50228
		Total vcore-seconds taken by all map tasks=8031
		Total vcore-seconds taken by all reduce tasks=50228
		Total megabyte-seconds taken by all map tasks=8223744
		Total megabyte-seconds taken by all reduce tasks=51433472
	Map-Reduce Framework
		Map input records=582
		Map output records=169071
		Map output bytes=6349769
		Map output materialized bytes=6687917
		Input split bytes=129
		Combine input records=0
		Combine output records=0
		Reduce input groups=169071
		Reduce shuffle bytes=6687917
		Reduce input records=169071
		Reduce output records=15
		Spilled Records=338142
		Shuffled Maps =1
		Failed Shuffles=0
		Merged Map outputs=1
		GC time elapsed (ms)=3102
		CPU time spent (ms)=43120
		Physical memory (bytes) snapshot=341979136
		Virtual memory (bytes) snapshot=3007758336
		Total committed heap usage (bytes)=226365440
	Shuffle Errors
		BAD_ID=0
		CONNECTION=0
		IO_ERROR=0
		WRONG_LENGTH=0
		WRONG_MAP=0
		WRONG_REDUCE=0
	mdp022.MDP022$UNIQUE
		counter=169071
	File Input Format Counters 
		Bytes Read=18219
	File Output Format Counters 
		Bytes Written=192
Numbers of output number is: 169071
[cloudera@quickstart ~]$ hadoop jar MDP02B.jar mdp022.B.MDP022B input output
Exception in thread "main" java.lang.ClassNotFoundException: mdp022.B.MDP022B
	at java.net.URLClassLoader$1.run(URLClassLoader.java:366)
	at java.net.URLClassLoader$1.run(URLClassLoader.java:355)
	at java.security.AccessController.doPrivileged(Native Method)
	at java.net.URLClassLoader.findClass(URLClassLoader.java:354)
	at java.lang.ClassLoader.loadClass(ClassLoader.java:425)
	at java.lang.ClassLoader.loadClass(ClassLoader.java:358)
	at java.lang.Class.forName0(Native Method)
	at java.lang.Class.forName(Class.java:270)
	at org.apache.hadoop.util.RunJar.run(RunJar.java:214)
	at org.apache.hadoop.util.RunJar.main(RunJar.java:136)
[cloudera@quickstart ~]$ hadoop jar MDP02B.jar mdp022.b.MDP022B input output
[input, output]
[input, output]
17/03/09 14:54:26 INFO client.RMProxy: Connecting to ResourceManager at /0.0.0.0:8032
17/03/09 14:54:27 INFO input.FileInputFormat: Total input paths to process : 1
17/03/09 14:54:27 WARN hdfs.DFSClient: Caught exception 
java.lang.InterruptedException
	at java.lang.Object.wait(Native Method)
	at java.lang.Thread.join(Thread.java:1281)
	at java.lang.Thread.join(Thread.java:1355)
	at org.apache.hadoop.hdfs.DFSOutputStream$DataStreamer.closeResponder(DFSOutputStream.java:862)
	at org.apache.hadoop.hdfs.DFSOutputStream$DataStreamer.endBlock(DFSOutputStream.java:600)
	at org.apache.hadoop.hdfs.DFSOutputStream$DataStreamer.run(DFSOutputStream.java:789)
17/03/09 14:54:27 WARN hdfs.DFSClient: Caught exception 
java.lang.InterruptedException
	at java.lang.Object.wait(Native Method)
	at java.lang.Thread.join(Thread.java:1281)
	at java.lang.Thread.join(Thread.java:1355)
	at org.apache.hadoop.hdfs.DFSOutputStream$DataStreamer.closeResponder(DFSOutputStream.java:862)
	at org.apache.hadoop.hdfs.DFSOutputStream$DataStreamer.endBlock(DFSOutputStream.java:600)
	at org.apache.hadoop.hdfs.DFSOutputStream$DataStreamer.run(DFSOutputStream.java:789)
17/03/09 14:54:27 INFO mapreduce.JobSubmitter: number of splits:1
17/03/09 14:54:28 INFO mapreduce.JobSubmitter: Submitting tokens for job: job_1489099198606_0002
17/03/09 14:54:28 INFO impl.YarnClientImpl: Submitted application application_1489099198606_0002
17/03/09 14:54:28 INFO mapreduce.Job: The url to track the job: http://quickstart.cloudera:8088/proxy/application_1489099198606_0002/
17/03/09 14:54:28 INFO mapreduce.Job: Running job: job_1489099198606_0002
17/03/09 14:54:38 INFO mapreduce.Job: Job job_1489099198606_0002 running in uber mode : false
17/03/09 14:54:38 INFO mapreduce.Job:  map 0% reduce 0%
17/03/09 14:54:48 INFO mapreduce.Job:  map 100% reduce 0%
17/03/09 14:55:02 INFO mapreduce.Job:  map 100% reduce 70%
17/03/09 14:55:05 INFO mapreduce.Job:  map 100% reduce 72%
17/03/09 14:55:08 INFO mapreduce.Job:  map 100% reduce 75%
17/03/09 14:55:11 INFO mapreduce.Job:  map 100% reduce 77%
17/03/09 14:55:14 INFO mapreduce.Job:  map 100% reduce 79%
17/03/09 14:55:17 INFO mapreduce.Job:  map 100% reduce 82%
17/03/09 14:55:20 INFO mapreduce.Job:  map 100% reduce 84%
17/03/09 14:55:23 INFO mapreduce.Job:  map 100% reduce 87%
17/03/09 14:55:26 INFO mapreduce.Job:  map 100% reduce 89%
17/03/09 14:55:29 INFO mapreduce.Job:  map 100% reduce 91%
17/03/09 14:55:32 INFO mapreduce.Job:  map 100% reduce 94%
17/03/09 14:55:35 INFO mapreduce.Job:  map 100% reduce 97%
17/03/09 14:55:38 INFO mapreduce.Job:  map 100% reduce 100%
17/03/09 14:55:40 INFO mapreduce.Job: Job job_1489099198606_0002 completed successfully
17/03/09 14:55:40 INFO mapreduce.Job: Counters: 50
	File System Counters
		FILE: Number of bytes read=6687917
		FILE: Number of bytes written=13610711
		FILE: Number of read operations=0
		FILE: Number of large read operations=0
		FILE: Number of write operations=0
		HDFS: Number of bytes read=18348
		HDFS: Number of bytes written=293
		HDFS: Number of read operations=6
		HDFS: Number of large read operations=0
		HDFS: Number of write operations=2
	Job Counters 
		Launched map tasks=1
		Launched reduce tasks=1
		Data-local map tasks=1
		Total time spent by all maps in occupied slots (ms)=7945
		Total time spent by all reduces in occupied slots (ms)=48848
		Total time spent by all map tasks (ms)=7945
		Total time spent by all reduce tasks (ms)=48848
		Total vcore-seconds taken by all map tasks=7945
		Total vcore-seconds taken by all reduce tasks=48848
		Total megabyte-seconds taken by all map tasks=8135680
		Total megabyte-seconds taken by all reduce tasks=50020352
	Map-Reduce Framework
		Map input records=582
		Map output records=169071
		Map output bytes=6349769
		Map output materialized bytes=6687917
		Input split bytes=129
		Combine input records=0
		Combine output records=0
		Reduce input groups=169071
		Reduce shuffle bytes=6687917
		Reduce input records=169071
		Reduce output records=23
		Spilled Records=338142
		Shuffled Maps =1
		Failed Shuffles=0
		Merged Map outputs=1
		GC time elapsed (ms)=3110
		CPU time spent (ms)=42310
		Physical memory (bytes) snapshot=346116096
		Virtual memory (bytes) snapshot=3009531904
		Total committed heap usage (bytes)=226365440
	Shuffle Errors
		BAD_ID=0
		CONNECTION=0
		IO_ERROR=0
		WRONG_LENGTH=0
		WRONG_MAP=0
		WRONG_REDUCE=0
	mdp022.b.MDP022B$UNIQUE
		counter=169071
	File Input Format Counters 
		Bytes Read=18219
	File Output Format Counters 
		Bytes Written=293
Numbers of output number is: 169071
[cloudera@quickstart ~]$ 
